
> client@0.1.0 build
> next build

   Γû▓ Next.js 15.4.5
   - Environments: .env.local

   Creating an optimized production build ...
 Γ£ô Compiled successfully in 5.0s
   Linting and checking validity of types ...
node.exe : 
At C:\Program Files\n
odejs\npm.ps1:29 
char:3
+   & $NODE_EXE 
$NPM_CLI_JS $args
+   ~~~~~~~~~~~~~~~~~
~~~~~~~~~~~~
    + CategoryInfo   
           : NotSpe  
  cified: (:String   
 ) [], RemoteExce    
ption
    + FullyQualified 
   ErrorId : Native  
  CommandError
 
Failed to compile.

./src/app/course-play
er/[course-id]/page.t
sx
36:8  Warning: React 
Hook useEffect has 
missing 
dependencies: 
'router' and 
'userProfile'. 
Either include them 
or remove the 
dependency array.  re
act-hooks/exhaustive-
deps

./src/app/dashboard/a
dmin/courses/page.tsx
48:41  Warning: 
Using `<img>` could 
result in slower LCP 
and higher 
bandwidth. Consider 
using `<Image />` 
from `next/image` or 
a custom image 
loader to 
automatically 
optimize images. 
This may incur 
additional usage or 
cost from your 
provider. See: https:
//nextjs.org/docs/mes
sages/no-img-element 
 @next/next/no-img-el
ement

./src/app/dashboard/a
dmin/layout.tsx
9:22  Warning: 
'faUser' is defined 
but never used.  @typ
escript-eslint/no-unu
sed-vars

./src/app/dashboard/a
dmin/overview/page.ts
x
3:10  Warning: 
'useCourse' is 
defined but never 
used.  @typescript-es
lint/no-unused-vars
14:12  Warning: 
'users' is assigned 
a value but never 
used.  @typescript-es
lint/no-unused-vars
14:19  Warning: 
'setUsers' is 
assigned a value but 
never used.  @typescr
ipt-eslint/no-unused-
vars
111:45  Warning: 
Using `<img>` could 
result in slower LCP 
and higher 
bandwidth. Consider 
using `<Image />` 
from `next/image` or 
a custom image 
loader to 
automatically 
optimize images. 
This may incur 
additional usage or 
cost from your 
provider. See: https:
//nextjs.org/docs/mes
sages/no-img-element 
 @next/next/no-img-el
ement

./src/app/dashboard/a
dmin/users/page.tsx
56:41  Warning: 
Using `<img>` could 
result in slower LCP 
and higher 
bandwidth. Consider 
using `<Image />` 
from `next/image` or 
a custom image 
loader to 
automatically 
optimize images. 
This may incur 
additional usage or 
cost from your 
provider. See: https:
//nextjs.org/docs/mes
sages/no-img-element 
 @next/next/no-img-el
ement

./src/app/dashboard/i
nstructor/courses/cre
ateCourse/page.tsx
3:10  Warning: 
'useEffect' is 
defined but never 
used.  @typescript-es
lint/no-unused-vars
13:23  Warning: 
'setPublished' is 
assigned a value but 
never used.  @typescr
ipt-eslint/no-unused-
vars
56:83  Error: `"` 
can be escaped with 
`&quot;`, `&ldquo;`, 
`&#34;`, `&rdquo;`.  
react/no-unescaped-en
tities
56:85  Error: `"` 
can be escaped with 
`&quot;`, `&ldquo;`, 
`&#34;`, `&rdquo;`.  
react/no-unescaped-en
tities

./src/app/dashboard/i
nstructor/courses/cre
ateLesson/[id]/page.t
sx
102:84  Error: `"` 
can be escaped with 
`&quot;`, `&ldquo;`, 
`&#34;`, `&rdquo;`.  
react/no-unescaped-en
tities
102:99  Error: `"` 
can be escaped with 
`&quot;`, `&ldquo;`, 
`&#34;`, `&rdquo;`.  
react/no-unescaped-en
tities

info  - Need to 
disable some ESLint 
rules? Learn more 
here: https://nextjs.
org/docs/app/api-refe
rence/config/eslint#d
isabling-rules
